// Jest Snapshot v1, https://goo.gl/fbAQLP

exports[`<Home /> should render and match the snapshot 1`] = `
<Context.Provider
  value={
    Array [
      Object {
        "format": "",
        "query": "",
      },
      [Function],
    ]
  }
>
  <CardFilter />
</Context.Provider>
`;
